--- COLUMNS IN ag_view_agendamentos_completo ---
Column: id
Column: created_at
Column: user_id
Column: profissional_id
Column: cliente_id
Column: lead_id
Column: data
Column: hora_inicio
Column: hora_fim
Column: titulo
Column: descricao
Column: cancelado
Column: cancelado_as
Column: cor
Column: categoria
Column: nome_contato
Column: email_contato
Column: telefone_contato
Column: profile_id
Column: profissional_nome
Column: especialidade_id
Column: especialidade
Column: responsavel_agendamento
Table 'ag_tarefas' error: Could not find the table 'public.ag_tarefas' in the schema cache
Table 'tasks' error: Could not find the table 'public.tasks' in the schema cache
Table 'ag_tasks' error: Could not find the table 'public.ag_tasks' in the schema cache
Table 'tarefas' error: Could not find the table 'public.tarefas' in the schema cache
